#,,,,,,,,"generated_by='OpenQuake engine 3.24.0-gita30884bc8b', start_date='2025-04-28T09:06:47', checksum=np.int64(3613274803), kind='mean', investigation_time=1.0"
custom_site_id,lon,lat,0.000400~PGA,0.000400~SA(0.1),0.000400~SA(0.3),0.002000~PGA,0.002000~SA(0.1),0.002000~SA(0.3)
9qbbff70,-122.57000,38.11300,2.519556E-01,4.417355E-01,5.407778E-01,1.129810E-01,2.081756E-01,2.309308E-01
9qc0v4r2,-122.11400,38.11300,8.006930E-01,1.442171E+00,1.795820E+00,4.015189E-01,7.961449E-01,8.100877E-01
9q9pxv63,-122.00000,37.91000,8.268082E-01,1.432509E+00,1.881772E+00,3.704249E-01,6.916927E-01,7.645394E-01
9qc0pvdq,-122.00000,38.00000,1.086285E+00,2.217729E+00,2.346993E+00,6.291322E-01,1.304523E+00,1.203462E+00
9qc0zf62,-122.00000,38.11300,1.270850E+00,2.767202E+00,2.596689E+00,8.127708E-01,1.765757E+00,1.461475E+00
9qc1rydk,-122.00000,38.22500,8.618063E-01,1.864890E+00,1.729675E+00,5.137022E-01,1.104763E+00,9.472653E-01
9qc2f6m2,-121.88600,38.11300,8.939948E-01,1.565424E+00,2.076639E+00,4.269016E-01,8.286331E-01,8.837436E-01
