#,,,,,,,,"generated_by='OpenQuake engine 3.22.0-git513b65764c', start_date='2024-11-07T08:00:43', checksum=2451218011, investigation_time=1.0, risk_investigation_time=1.0"
asset_id,taxonomy,lon,lat,structural~no_damage,structural~slight,structural~moderate,structural~extreme,structural~complete
a1,Wood,-122.00000,38.11300,9.727579E-01,5.321749E-03,6.937391E-03,5.057706E-03,9.925210E-03
