#,,,,,,,"generated_by='OpenQuake engine 3.22.0-gitada768b231', start_date='2024-10-25T09:59:32', checksum=4025559538, investigation_time=None, risk_investigation_time=None"
loss_type,no_damage,slight,moderate,extreme,complete,losses_value,losses_ratio
structural,1.17053E+01,1.41803E+00,1.39786E+00,9.49061E-01,6.11920E+00,1.84217E+04,1.08299E-01
