#,,,,,,"generated_by='OpenQuake engine 3.21.0-git83d1779b38', start_date='2024-06-10T08:17:27', checksum=3596860000, kind='rlz-008', investigation_time=1.0, imt='PGA'"
lon,lat,depth,poe-0.0100000,poe-0.1000000,poe-0.3000000,poe-1.0000000
-64.91005,0.00000,0.00000,4.877057E-02,2.873649E-02,7.454969E-03,6.176015E-05
