#,,,,,,,"generated_by='OpenQuake engine 3.24.0-gita30884bc8b', start_date='2025-04-28T09:15:18', checksum=861356502"
rlz_id,return_period,retention,claim,treaty_1,treaty_2,xlr1,overspill_treaty_2
0,5.00000E+01,6.68389E+02,1.84195E+03,3.41947E+01,4.00000E+02,7.39363E+02,2.68389E+02
0,1.00000E+02,1.04199E+03,2.92586E+03,1.74329E+02,4.00000E+02,1.30935E+03,4.21685E+02
0,2.00000E+02,1.27500E+03,3.18458E+03,2.00234E+02,4.00000E+02,1.30954E+03,4.73365E+02
