#,,"generated_by='OpenQuake engine 3.20.0-gitbb91778874', start_date='2024-05-07T08:20:01', checksum=3780200155"
loss_type,loss,stat
structural,6.01107E+07,mean
