#,,,,,,,,,,,,,,,,,,,,,,"generated_by='OpenQuake engine 3.22.0-gitcfa24d9b98', start_date='2024-11-07T15:17:02', checksum=3814484434, kind='mean', investigation_time=1.0, imt='PGA'"
lon,lat,depth,poe-0.0050000,poe-0.0070015,poe-0.0098041,poe-0.0137286,poe-0.0192240,poe-0.0269192,poe-0.0376948,poe-0.0527836,poe-0.0739125,poe-0.1034991,poe-0.1449289,poe-0.2029427,poe-0.2841789,poe-0.3979333,poe-0.5572227,poe-0.7802743,poe-1.0926116,poe-1.5299748,poe-2.1424109,poe-3.0000000
0.02000,0.15000,0.00000,1.677307E-01,1.677307E-01,1.677307E-01,1.677307E-01,1.677307E-01,1.676722E-01,1.672891E-01,1.658776E-01,1.619828E-01,1.534602E-01,1.382542E-01,1.157462E-01,8.789927E-02,5.910903E-02,3.438586E-02,1.691139E-02,6.848335E-03,2.201557E-03,5.158186E-04,6.639957E-05
