#,,,,,,,"generated_by='OpenQuake engine 3.24.0-gita30884bc8b', start_date='2025-04-28T09:15:18', checksum=4002377415"
event_id,retention,claim,treaty_1,treaty_2,xlr1,overspill_treaty_2,year
0,4.41474E+02,1.54567E+03,4.19469E+00,4.00000E+02,7.00000E+02,2.10995E+02,18
1,7.86211E+02,2.64008E+03,1.44329E+02,4.00000E+02,1.30954E+03,3.71642E+02,155
2,9.62201E+02,2.89559E+03,2.25366E+02,4.00000E+02,1.30802E+03,3.93503E+02,131
3,8.67140E+02,2.36257E+03,1.37892E+02,4.00000E+02,9.57533E+02,3.41606E+02,88
