#,,,,,,,,,"generated_by='OpenQuake engine 3.22.0-git6b3613694b', start_date='2024-11-07T18:07:52', checksum=2650784085, investigation_time=1.0, ses_per_logic_tree_path=100"
rup_id,multiplicity,mag,centroid_lon,centroid_lat,centroid_depth,trt,strike,dip,rake
0,16,5.000000E+00,1.027648E+01,4.524368E+01,4.868165E+00,Active Shallow Crust,8.999796E+01,1.019640E+01,9.000000E+01
1,26,6.000000E+00,1.027648E+01,4.524368E+01,4.868165E+00,Active Shallow Crust,8.995487E+01,9.737158E+00,9.000000E+01
2,10,5.200000E+00,9.582378E+00,4.523196E+01,4.636298E+00,Active Shallow Crust,2.700429E+02,8.798428E+00,9.000000E+01
