#,,,,,,,,,,,,"generated_by='OpenQuake engine 3.24.0-gita30884bc8b', start_date='2025-04-28T09:15:15', checksum=1125341655, investigation_time=1.0, risk_investigation_time=50.0"
asset_id,cresta,occupancy,state,taxonomy,lon,lat,business_interruption,contents,nonstructural,occupants,structural,structural+nonstructural+contents
a3,0.21,Com,02,tax1,-122.57000,38.11300,7.67122E+01,3.76429E+02,5.85437E+02,1.48869E-03,0.00000E+00,9.61866E+02
a2,0.12,Res,01,tax2,-122.11400,38.11300,2.32571E+02,1.62449E+03,2.40267E+03,4.12510E-03,5.41292E+02,4.48562E+03
a5,0.23,Res,02,tax1,-122.00000,37.91000,1.12312E+02,6.19734E+02,8.64624E+02,2.26114E-03,0.00000E+00,1.48436E+03
a4,0.22,Res,02,tax3,-122.00000,38.00000,2.09169E+02,6.76592E+02,1.33073E+03,4.88825E-03,8.66514E+02,2.77700E+03
a1,0.11,Res,01,tax1,-122.00000,38.11300,4.04422E+02,2.29430E+03,3.75991E+03,8.25444E-03,1.60146E+03,7.47391E+03
a6,0.31,Res,03,tax2,-122.00000,38.22500,2.60165E+02,6.27172E+03,7.97620E+03,5.36563E-03,5.72212E+02,1.35233E+04
a7,0.32,Res,03,tax1,-121.88600,38.11300,3.54646E+02,2.31931E+03,3.55369E+03,8.72124E-03,1.72487E+03,7.30275E+03
