occupancy,business_interruption,contents,nonstructural,occupants,structural
Com,7.67122E+01,3.76429E+02,5.85437E+02,1.48869E-03,0.00000E+00
Res,1.57328E+03,1.38062E+04,1.98878E+04,3.36158E-02,5.30635E+03
