#,,,,,,,,"generated_by='OpenQuake engine 3.22.0-gitdf92f4b764', start_date='2024-11-07T06:47:54', checksum=45496700"
asset_id,taxonomy,lon,lat,structural~no_damage,structural~slight,structural~moderate,structural~extreme,structural~complete
a1,Wood,-122.00000,38.11300,3.598934E-01,3.131250E-01,1.489449E-01,7.427035E-02,1.037664E-01
