#,,,,,,"generated_by='OpenQuake engine 3.23.0-git653d9a7b63', start_date='2025-02-04T10:24:41', checksum=881869044"
loss_type,dmg_0,dmg_1,dmg_2,dmg_3,dmg_4,stat
structural,9.81785E+01,7.77490E-01,7.95100E-01,2.45056E-01,3.89033E-03,mean
