#,,,,,,,,,,,,,,,,,,,,,,"generated_by='OpenQuake engine 3.22.0-gitcfa24d9b98', start_date='2024-11-07T15:11:57', checksum=4022656520, kind='mean', investigation_time=1.0, imt='PGA'"
lon,lat,depth,poe-0.0050000,poe-0.0070015,poe-0.0098041,poe-0.0137286,poe-0.0192240,poe-0.0269192,poe-0.0376948,poe-0.0527836,poe-0.0739125,poe-0.1034991,poe-0.1449289,poe-0.2029427,poe-0.2841789,poe-0.3979333,poe-0.5572227,poe-0.7802743,poe-1.0926116,poe-1.5299748,poe-2.1424109,poe-3.0000000
9.85000,45.00000,0.00000,3.700000E-01,3.699999E-01,3.699993E-01,3.699949E-01,3.699709E-01,3.698609E-01,3.694286E-01,3.679599E-01,3.636333E-01,3.526768E-01,3.291757E-01,2.871274E-01,2.254215E-01,1.528068E-01,8.608109E-02,3.920794E-02,1.423377E-02,4.098117E-03,9.353161E-04,1.695156E-04
