#,,,,,,,,"generated_by='OpenQuake engine 3.22.0-gitd9184ee77d', start_date='2024-10-14T15:03:59', checksum=3600445946, investigation_time=None, risk_investigation_time=None"
loss_type,rlz_id,no_damage,slight,moderate,extensive,complete,non_operational_value,non_operational_ratio
structural,0,2.00000E+00,0.00000E+00,0.00000E+00,0.00000E+00,1.00000E+00,1.00000E+00,3.33333E-01
structural,1,2.00000E+00,0.00000E+00,0.00000E+00,0.00000E+00,1.00000E+00,1.00000E+00,3.33333E-01
liquefaction,0,1.90000E+00,0.00000E+00,0.00000E+00,0.00000E+00,1.10000E+00,1.10000E+00,3.66667E-01
liquefaction,1,1.80000E+00,0.00000E+00,0.00000E+00,0.00000E+00,1.20000E+00,1.20000E+00,4.00000E-01
landslide,0,2.00000E+00,0.00000E+00,0.00000E+00,0.00000E+00,1.00000E+00,1.00000E+00,3.33333E-01
landslide,1,2.00000E+00,0.00000E+00,0.00000E+00,0.00000E+00,1.00000E+00,1.00000E+00,3.33333E-01
