#,,,"generated_by='OpenQuake engine 3.24.0-gita30884bc8b', start_date='2025-04-28T09:15:30', checksum=2174348292, investigation_time=1.0, risk_investigation_time=50.0"
loss_type,site_id,loss_value,loss_ratio
structural,0,8.08552E+03,2.69517E-01
structural,1,2.35452E+03,2.35452E-01
