#,,"generated_by='OpenQuake engine 3.24.0-gita30884bc8b', start_date='2025-04-28T09:15:30', checksum=2174348292, investigation_time=1.0, risk_investigation_time=50.0"
loss_type,loss_value,loss_ratio
structural,1.04400E+04,2.61001E-01
