#,,,,,,,"generated_by='OpenQuake engine 3.24.0-gita30884bc8b', start_date='2025-04-28T09:15:30', checksum=2174348292, investigation_time=1.0, risk_investigation_time=50.0"
asset_id,cresta,site_id,state,taxonomy,lon,lat,structural
a2,0.11,0,01,tax1,-122.00000,38.10000,5.34948E+03
a3,0.11,0,01,tax1,-122.00000,38.10000,2.73605E+03
a1,0.11,1,01,tax1,-122.00000,38.11300,2.35452E+03
