#,,,,"generated_by='OpenQuake engine 3.24.0-gita30884bc8b', start_date='2025-04-28T09:15:30', checksum=2174348292, investigation_time=1.0, risk_investigation_time=50.0"
event_id,loss,loss_type,rup_id,year
1,5.63455E+02,structural,2147483648,1
3,7.37312E+02,structural,2147483650,3
0,1.14611E+03,structural,1073742197,6
2,1.72914E+03,structural,2147483648,4
