#,,,,,,,,"generated_by='OpenQuake engine 3.22.0-git513b65764c', start_date='2024-11-07T08:01:13', checksum=1354447992"
asset_id,taxonomy,lon,lat,structural~no_damage,structural~uninhabitable,structural~collapsed,structural~fatalities,structural~homeless
NO DAMAGE,ND,-116.94505,32.51463,1.000000E+00,0.000000E+00,0.000000E+00,0.000000E+00,0.000000E+00
UNINHABITABLE,UH,-116.94505,32.51463,0.000000E+00,1.000000E+00,0.000000E+00,0.000000E+00,1.000000E+02
COLLAPSED,CP,-116.94505,32.51463,0.000000E+00,0.000000E+00,1.000000E+00,6.000000E+01,0.000000E+00
