#,,,,,,"generated_by='OpenQuake engine 3.22.0-gitdf92f4b764', start_date='2024-11-07T06:47:53', checksum=122140578"
asset_id,taxonomy,lon,lat,structural~no_damage,structural~LS1,structural~LS2
a2,RC,15.56000,38.17000,9.912000E+02,7.359000E+02,2.729000E+02
