#,,,,,,,,"generated_by='OpenQuake engine 3.22.0-git513b65764c', start_date='2024-11-07T08:00:44', checksum=3215881130, investigation_time=1.0, risk_investigation_time=1.0"
asset_id,taxonomy,lon,lat,structural~no_damage,structural~slight,structural~moderate,structural~extreme,structural~complete
a1,Wood,-122.00000,38.11300,4.852514E+00,2.289317E-02,4.241145E-02,2.628799E-02,5.589351E-02
