#,,,,,,,,"generated_by='OpenQuake engine 3.22.0-git8c2bf07cfd', start_date='2024-10-25T07:57:44', checksum=1335928015"
asset_id,taxonomy,lon,lat,no_damage,ds1,ds2,ds3,ds4
a1,tax1,-122.00000,38.11300,-1.350000E+00,7.200000E-01,6.900000E-01,5.500000E-01,3.900000E-01
