#,,,,,,,,"generated_by='OpenQuake engine 3.22.0-git513b65764c', start_date='2024-11-07T08:00:46', checksum=2533487595, investigation_time=1.0, risk_investigation_time=1.0"
asset_id,taxonomy,lon,lat,structural~no_damage,structural~slight,structural~moderate,structural~extreme,structural~complete
a1,Steel,-122.00000,38.11300,9.721903E-01,8.197780E-03,1.055095E-02,5.718032E-03,3.342958E-03
