#,,,,,,,,,,"generated_by='OpenQuake engine 3.24.0-gita30884bc8b', start_date='2025-04-28T09:15:20', checksum=2958108592, investigation_time=1.0, ses_per_logic_tree_path=50"
rup_id,source_id,multiplicity,mag,centroid_lon,centroid_lat,centroid_depth,trt,strike,dip,rake
0,3,232,4.500000E+00,5.000000E-01,0.000000E+00,4.000000E+00,active shallow crust,0.000000E+00,9.000000E+01,0.000000E+00
0,6;0,241,4.000000E+00,1.100000E+00,0.000000E+00,4.000000E+00,active shallow crust,0.000000E+00,9.000000E+01,0.000000E+00
1073741824,4,258,4.500000E+00,5.000000E-01,5.000000E-01,4.000000E+00,active shallow crust,0.000000E+00,9.000000E+01,0.000000E+00
1073741824,6;1,222,4.000000E+00,1.100000E+00,0.000000E+00,4.000000E+00,active shallow crust,0.000000E+00,9.000000E+01,0.000000E+00
2147483648,5;0,252,4.000000E+00,1.000000E-01,0.000000E+00,4.000000E+00,active shallow crust,0.000000E+00,9.000000E+01,0.000000E+00
3221225472,5;1,255,4.000000E+00,1.000000E-01,0.000000E+00,4.000000E+00,active shallow crust,0.000000E+00,9.000000E+01,0.000000E+00
